Status: INFEASIBLE
Best sol: [0, 1, 2, 3, 4, 5, 6, 7, 8, 9, 10, 11, 12, 13, 14, 15, 16, 17, 18, 19, 20, 21, 22, 23, 24, 41, 170, 89, 104, 154, 96, 90, 36, 157, 52, 142, 146, 48, 179, 172, 55, 182, 74, 78, 189, 94, 34, 194, 186, 33, 46, 185, 153, 124, 76, 152, 70, 176, 72, 64, 44, 30, 117, 42, 56, 105, 35, 158, 81, 114, 123, 130, 126, 102, 82, 141, 150, 101, 80, 38, 57, 136, 93, 169, 53, 112, 135, 149, 129, 134, 187, 47, 100, 49, 71, 107, 143, 121, 175, 88, 161, 54, 127, 99, 40, 165, 145, 115, 183, 193, 67, 68, 125, 181, 92, 37, 66, 198, 39, 163, 140, 77, 192, 86, 59, 65, 148, 119, 167, 171, 58, 147, 61, 111, 87, 51, 109, 197, 91, 138, 196, 50, 27, 63, 106, 132, 190, 45, 159, 156, 73, 60, 168, 200, 128, 83, 184, 120, 118, 195, 162, 133, 98, 85, 26, 173, 29, 164, 75, 110, 180, 97, 108, 28, 137, 160, 144, 131, 43, 188, 79, 155, 178, 191, 151, 122, 113, 31, 116, 166, 62, 95, 32, 69, 199, 174, 139, 84, 103, 25, 177, 0]
Violations: 170
Cost: 56412.00
Num Iter: 500
Solve Time: 98.95 secs
