Status: INFEASIBLE
Best sol: [0, 1, 2, 3, 4, 5, 6, 7, 8, 9, 10, 11, 12, 13, 14, 15, 16, 17, 18, 19, 20, 21, 22, 23, 24, 25, 26, 27, 28, 29, 30, 31, 32, 33, 34, 35, 36, 37, 45, 56, 57, 64, 69, 74, 70, 78, 81, 84, 96, 99, 93, 80, 72, 55, 52, 54, 89, 59, 71, 86, 88, 97, 61, 77, 87, 92, 91, 68, 83, 51, 98, 67, 65, 90, 49, 58, 48, 63, 47, 85, 82, 76, 108, 106, 103, 66, 79, 101, 60, 73, 46, 44, 95, 50, 100, 75, 42, 39, 53, 43, 38, 40, 94, 41, 62, 104, 110, 107, 157, 158, 142, 146, 179, 172, 165, 189, 170, 194, 186, 164, 153, 124, 152, 123, 166, 117, 105, 129, 173, 130, 126, 102, 141, 150, 136, 169, 112, 135, 176, 114, 182, 187, 149, 121, 175, 161, 127, 145, 115, 185, 193, 125, 181, 109, 198, 163, 140, 192, 148, 119, 122, 171, 147, 139, 184, 197, 138, 196, 132, 190, 159, 156, 168, 200, 128, 120, 118, 195, 162, 133, 183, 111, 180, 134, 137, 154, 144, 131, 188, 155, 178, 191, 143, 167, 113, 116, 151, 199, 174, 160, 177, 0]
Violations: 144
Cost: 4039.00
Num Iter: 447
Solve Time: 100.58 secs
