126 125 160 98 229 128 83 120 33 102 94 225 95 35 82 77 139 54 142 191 132 212 153 96 14 2 246 166 241 206 181 219 84 4 192 185 45 172 232 158 162 134 46 214 43 223 89 183 74 167 87 6 51 36 109 5 197 92 81 66 138 25 133 48 61 240 213 119 111 113 121 247 59 69 17 170 79 38 97 72 131 193 1 190 208 93 157 40 88 135 236 91 18 143 15 201 224 228 110 115 101 200 178 117 49 209 186 168 76 203 63 151 86 156 62 250 123 55 148 177 41 230 207 20 114 34 179 78 220 129 67 52 32 37 237 210 11 163 196 161 104 31 174 107 144 136 39 164 42 80 13 226 22 152 149 238 3 205 215 24 227 65 182 10 187 218 127 112 19 16 231 248 140 145 12 73 26 137 71 176 53 169 124 108 243 122 221 189 204 60 222 50 244 194 195 216 150 188 70 155 233 64 235 199 103 30 8 249 198 202 90 44 28 100 27 9 242 154 57 85 56 58 141 175 239 7 173 116 105 159 23 118 146 75 184 99 234 180 106 165 47 29 245 21 171 217 130 68 147 211