52 173 73 31 127 135 6 4 66 58 120 226 45 101 75 94 212 86 160 119 189 148 152 216 138 245 243 222 192 117 68 95 17 182 181 218 168 133 210 103 29 194 30 125 206 241 232 134 65 13 90 196 187 71 61 123 144 231 188 16 113 207 167 63 124 179 130 131 41 96 87 235 83 239 121 78 57 80 110 43 51 1 236 108 185 214 184 200 202 250 211 229 33 47 10 199 106 209 191 56 109 213 157 224 107 39 35 18 205 49 242 156 67 74 32 118 238 171 143 228 208 170 53 38 198 50 137 175 147 91 195 7 141 105 132 115 165 244 23 34 27 172 149 114 79 2 24 28 93 82 197 154 162 40 69 161 19 64 76 159 240 249 150 48 111 248 247 92 227 126 116 221 163 8 84 204 153 158 155 88 203 60 237 26 14 89 129 21 186 177 36 190 99 234 139 174 100 225 62 215 42 77 219 102 183 193 37 151 54 5 81 46 9 169 233 140 72 176 20 12 70 246 146 178 223 55 59 11 136 230 25 220 145 85 201 166 112 217 128 22 44 180 3 164 15 122 142 97 98 104