2 18 1 13 14 8 4 17 12 7 6 16 15 20 10 9 19 3 5 11