Status: INFEASIBLE
Best sol: [0, 1, 2, 11, 14, 18, 7, 8, 6, 12, 17, 9, 15, 20, 10, 13, 19, 5, 3, 16, 4, 0]
Violations: 16
Cost: 809.00
Num Iter: 500
Solve Time: 0.05 secs
