Status: INFEASIBLE
Best sol: [0, 1, 2, 3, 4, 6, 7, 8, 9, 10, 11, 12, 13, 14, 15, 16, 17, 19, 20, 146, 83, 149, 118, 31, 87, 25, 74, 86, 47, 78, 82, 63, 134, 56, 94, 42, 37, 62, 5, 139, 90, 148, 137, 80, 103, 130, 67, 18, 108, 129, 106, 30, 92, 135, 23, 125, 140, 124, 114, 98, 131, 150, 128, 77, 100, 49, 97, 117, 55, 79, 119, 142, 121, 89, 84, 101, 138, 76, 81, 70, 38, 72, 46, 143, 27, 39, 115, 107, 68, 21, 50, 126, 61, 147, 33, 53, 22, 52, 60, 116, 28, 24, 51, 71, 26, 109, 57, 111, 73, 48, 75, 91, 59, 132, 144, 41, 104, 69, 141, 66, 95, 127, 40, 43, 102, 122, 145, 65, 96, 110, 136, 105, 36, 64, 29, 45, 112, 133, 34, 123, 120, 54, 88, 32, 85, 44, 113, 93, 99, 58, 35, 0]
Violations: 131
Cost: 1525.00
Num Iter: 500
Solve Time: 0.87 secs
