Status: INFEASIBLE
Best sol: [0, 1, 2, 3, 4, 6, 5, 7, 8, 9, 10, 11, 12, 13, 14, 15, 16, 17, 19, 18, 20, 21, 22, 23, 25, 26, 27, 29, 30, 32, 34, 37, 39, 46, 47, 49, 50, 52, 56, 53, 63, 42, 33, 57, 68, 70, 67, 72, 48, 76, 78, 41, 77, 81, 84, 60, 71, 82, 64, 73, 91, 83, 31, 62, 69, 24, 28, 59, 35, 58, 65, 99, 40, 93, 85, 43, 61, 36, 55, 54, 51, 44, 79, 66, 45, 150, 38, 96, 129, 148, 102, 87, 74, 97, 125, 75, 98, 134, 94, 139, 90, 118, 137, 80, 103, 130, 88, 149, 106, 92, 135, 121, 127, 138, 131, 128, 143, 100, 86, 117, 123, 119, 142, 89, 101, 95, 104, 107, 126, 147, 114, 116, 109, 111, 132, 144, 115, 141, 124, 108, 122, 145, 110, 136, 105, 112, 133, 120, 146, 113, 140, 0]
Violations: 106
Cost: 1407.00
Num Iter: 500
Solve Time: 39.95 secs
