4 8 45 28 9 30 19 32 27 41 38 16 37 43 25 33 34 6 11 15 14 13 7 17 29 31 35 21 24 5 3 26 10 48 1 23 22 20 46 12 47 18 39 2 50 42 44 49 40 36