Status: INFEASIBLE
Best sol: [0, 1, 2, 3, 5, 6, 8, 26, 40, 23, 24, 41, 42, 35, 36, 47, 21, 45, 25, 11, 22, 32, 33, 16, 10, 19, 49, 15, 13, 34, 14, 17, 9, 12, 37, 18, 43, 50, 7, 39, 20, 46, 4, 38, 31, 44, 28, 27, 29, 30, 48, 0]
Violations: 41
Cost: 2784.00
Num Iter: 500
Solve Time: 1.28 secs
