Status: INFEASIBLE
Best sol: [0, 1, 2, 3, 4, 5, 6, 8, 7, 10, 11, 9, 13, 12, 14, 15, 16, 17, 18, 19, 20, 21, 22, 23, 24, 25, 26, 27, 29, 30, 31, 28, 33, 32, 34, 35, 36, 38, 37, 40, 39, 41, 42, 43, 44, 46, 45, 47, 49, 50, 48, 0]
Violations: 18
Cost: 2266.00
Num Iter: 500
Solve Time: 2.96 secs
