26 6 43 1 19 40 17 10 42 45 8 36 24 23 34 20 11 13 28 29 21 2 47 25 39 12 38 44 30 48 7 27 37 49 31 9 35 14 32 18 16 33 50 22 3 5 15 4 41 46