Status: FEASIBLE
Best sol: [0, 17, 5, 28, 9, 45, 10, 23, 24, 50, 6, 41, 8, 47, 11, 13, 4, 38, 49, 43, 33, 27, 44, 21, 14, 19, 25, 3, 34, 30, 7, 12, 40, 18, 32, 35, 39, 42, 26, 22, 20, 36, 16, 48, 31, 15, 1, 2, 46, 29, 37, 0]
Violations: 0
Cost: 441.00
Num Iter: 500
Solve Time: 2.46 secs
