Status: INFEASIBLE
Best sol: [0, 4, 26, 24, 20, 12, 5, 46, 27, 1, 3, 10, 41, 23, 9, 49, 14, 37, 33, 34, 19, 11, 39, 48, 2, 13, 31, 21, 18, 25, 29, 28, 40, 16, 17, 50, 8, 45, 38, 15, 44, 30, 32, 36, 7, 43, 42, 35, 22, 47, 6, 0]
Violations: 6
Cost: 2545.00
Num Iter: 500
Solve Time: 0.06 secs
