Status: FEASIBLE
Best sol: [0, 12, 10, 2, 9, 5, 20, 16, 14, 13, 19, 15, 3, 6, 4, 18, 1, 7, 11, 17, 8, 0]
Violations: 0
Cost: 259.00
Num Iter: 100
Solve Time: 0.31 secs
