Status: FEASIBLE
Best sol: [0, 11, 7, 8, 17, 12, 10, 20, 6, 3, 15, 13, 19, 4, 18, 1, 16, 14, 5, 9, 2, 0]
Violations: 0
Cost: 315.00
Num Iter: 500
Solve Time: 0.30 secs
